[debug] [2026-02-12T01:10:36.825Z] ----------------------------------------------------------------------
[debug] [2026-02-12T01:10:36.826Z] Command:       /usr/local/bin/node /Users/urmi/.npm-global/bin/firebase init
[debug] [2026-02-12T01:10:36.826Z] CLI Version:   15.2.1
[debug] [2026-02-12T01:10:36.826Z] Platform:      darwin
[debug] [2026-02-12T01:10:36.827Z] Node Version:  v22.17.1
[debug] [2026-02-12T01:10:36.827Z] Time:          Thu Feb 12 2026 06:40:36 GMT+0530 (India Standard Time)
[debug] [2026-02-12T01:10:36.827Z] ----------------------------------------------------------------------
[debug] 
[debug] [2026-02-12T01:10:36.828Z] >>> [apiv2][query] GET https://firebase-public.firebaseio.com/cli.json [none]
[info] 
     ######## #### ########  ######## ########     ###     ######  ########
     ##        ##  ##     ## ##       ##     ##  ##   ##  ##       ##
     ######    ##  ########  ######   ########  #########  ######  ######
     ##        ##  ##    ##  ##       ##     ## ##     ##       ## ##
     ##       #### ##     ## ######## ########  ##     ##  ######  ########

You're about to initialize a Firebase project in this directory:

  /Users/urmi/Desktop/My Data/BingeIT

Before we get started, keep in mind:

  * You are initializing within an existing Firebase project directory

[debug] [2026-02-12T01:10:38.108Z] <<< [apiv2][status] GET https://firebase-public.firebaseio.com/cli.json 200
[debug] [2026-02-12T01:10:38.108Z] <<< [apiv2][body] GET https://firebase-public.firebaseio.com/cli.json {"cloudBuildErrorAfter":1594252800000,"cloudBuildWarnAfter":1590019200000,"defaultNode10After":1594252800000,"minVersion":"3.0.5","node8DeploysDisabledAfter":1613390400000,"node8RuntimeDisabledAfter":1615809600000,"node8WarnAfter":1600128000000}
[debug] [2026-02-12T01:10:43.098Z] ExitPromptError: User force closed the prompt with SIGINT
    at Interface.sigint (/Users/urmi/.npm-global/lib/node_modules/firebase-tools/node_modules/@inquirer/core/dist/commonjs/lib/create-prompt.js:101:37)
    at Interface.emit (node:events:518:28)
    at [_ttyWrite] [as _ttyWrite] (node:internal/readline/interface:1132:18)
    at ReadStream.onkeypress (node:internal/readline/interface:271:20)
    at ReadStream.emit (node:events:530:35)
    at emitKeys (node:internal/readline/utils:370:14)
    at emitKeys.next (<anonymous>)
    at ReadStream.onData (node:internal/readline/emitKeypressEvents:64:36)
    at ReadStream.emit (node:events:518:28)
    at addChunk (node:internal/streams/readable:561:12)
[error] 
[error] Error: An unexpected error has occurred.
[debug] [2026-02-12T01:10:43.600Z] ----------------------------------------------------------------------
[debug] [2026-02-12T01:10:43.601Z] Command:       /usr/local/bin/node /Users/urmi/.npm-global/bin/firebase deploy
[debug] [2026-02-12T01:10:43.601Z] CLI Version:   15.2.1
[debug] [2026-02-12T01:10:43.601Z] Platform:      darwin
[debug] [2026-02-12T01:10:43.602Z] Node Version:  v22.17.1
[debug] [2026-02-12T01:10:43.602Z] Time:          Thu Feb 12 2026 06:40:43 GMT+0530 (India Standard Time)
[debug] [2026-02-12T01:10:43.602Z] ----------------------------------------------------------------------
[debug] 
[debug] [2026-02-12T01:10:44.033Z] > command requires scopes: ["email","openid","https://www.googleapis.com/auth/cloudplatformprojects.readonly","https://www.googleapis.com/auth/firebase","https://www.googleapis.com/auth/cloud-platform"]
[debug] [2026-02-12T01:10:44.033Z] > authorizing via signed-in user (urmiladubhase@gmail.com)
[debug] [2026-02-12T01:10:44.033Z] [iam] checking project bingeit-a6f20 for permissions ["firebase.projects.get","firebasehosting.sites.update"]
[debug] [2026-02-12T01:10:44.033Z] Checked if tokens are valid: false, expires at: 1768301009073
[debug] [2026-02-12T01:10:44.033Z] Checked if tokens are valid: false, expires at: 1768301009073
[debug] [2026-02-12T01:10:44.033Z] > refreshing access token with scopes: []
[debug] [2026-02-12T01:10:44.034Z] >>> [apiv2][query] POST https://www.googleapis.com/oauth2/v3/token [none]
[debug] [2026-02-12T01:10:44.034Z] >>> [apiv2][body] POST https://www.googleapis.com/oauth2/v3/token [omitted]
[debug] [2026-02-12T01:10:44.249Z] <<< [apiv2][status] POST https://www.googleapis.com/oauth2/v3/token 200
[debug] [2026-02-12T01:10:44.249Z] <<< [apiv2][body] POST https://www.googleapis.com/oauth2/v3/token [omitted]
[debug] [2026-02-12T01:10:44.261Z] >>> [apiv2][query] POST https://cloudresourcemanager.googleapis.com/v1/projects/bingeit-a6f20:testIamPermissions [none]
[debug] [2026-02-12T01:10:44.261Z] >>> [apiv2][(partial)header] POST https://cloudresourcemanager.googleapis.com/v1/projects/bingeit-a6f20:testIamPermissions x-goog-quota-user=projects/bingeit-a6f20
[debug] [2026-02-12T01:10:44.261Z] >>> [apiv2][body] POST https://cloudresourcemanager.googleapis.com/v1/projects/bingeit-a6f20:testIamPermissions {"permissions":["firebase.projects.get","firebasehosting.sites.update"]}
